{"kind":"watch-armed","at":"2026-08-18T10:00:00.000Z","tracked":10,"windowTo":"2026-09-01T00:00:00.000Z","pollSeconds":0}
{"kind":"watch-error","at":"2026-08-18T10:01:00.000Z","what":"mass-vanish","detail":"10 of 10 tracked events vanished in one poll (threshold 5) — that is a fetch or config problem, not 10 cancellations. Judging nothing this round."}
{"kind":"watch-error","at":"2026-08-18T10:02:00.000Z","what":"mass-vanish","detail":"10 of 10 tracked events vanished in one poll (threshold 5) — that is a fetch or config problem, not 10 cancellations. Judging nothing this round."}
{"kind":"watch-error","at":"2026-08-18T10:03:00.000Z","what":"mass-vanish","detail":"10 of 10 tracked events vanished in one poll (threshold 5) — that is a fetch or config problem, not 10 cancellations. Judging nothing this round."}
