{"kind":"watch-armed","at":"2026-08-18T10:00:00.000Z","tracked":1,"windowTo":"2026-09-01T00:00:00.000Z","pollSeconds":0}
{"at":"2026-08-18T10:01:00.000Z","id":"i1","title":"Review","calendar":"Work","url":"https://cal/i1","meetUrl":"meet.google.com/abc-defg","allDay":false,"kind":"new-invite","start":"2026-08-22T06:00:00Z","end":"2026-08-22T07:00:00Z","rsvp":"needsAction","location":"Room 4","attendees":[{"email":"me@x.com","name":"Me","rsvp":"needsAction","organizer":false,"self":true,"resource":false},{"email":"her@x.com","name":"Her","rsvp":"accepted","organizer":true,"self":false,"resource":false}]}
