{"kind":"watch-armed","at":"2026-08-18T10:00:00.000Z","tracked":2,"windowTo":"2026-09-01T00:00:00.000Z","pollSeconds":0}
{"at":"2026-08-18T10:11:00.000Z","id":"t1","title":"Sync","calendar":"Work","url":"https://cal/t1","meetUrl":"meet.google.com/abc-defg","allDay":false,"kind":"starting","start":"2026-08-18T10:20:00Z","end":"2026-08-18T11:20:00Z","minutesUntilStart":9,"reminderLateMinutes":0,"rsvp":"accepted","location":null,"attendees":[{"email":"me@x.com","name":"Me","rsvp":"accepted","organizer":true,"self":true,"resource":false},{"email":"her@x.com","name":"Her","rsvp":"accepted","organizer":false,"self":false,"resource":false}]}
