{"kind":"watch-armed","at":"2026-08-18T10:00:00.000Z","tracked":1,"windowTo":"2026-09-01T00:00:00.000Z","pollSeconds":0}
{"at":"2026-08-18T10:01:00.000Z","id":"r2","title":"Decide","calendar":"Work","url":"https://cal/r2","allDay":false,"kind":"new-invite","start":"2026-08-18T12:00:00Z","end":"2026-08-18T13:00:00Z","rsvp":"needsAction","location":null,"attendees":[{"email":"me@x.com","name":"Me","rsvp":"needsAction","organizer":false,"self":true,"resource":false},{"email":"her@x.com","name":"Her","rsvp":"accepted","organizer":true,"self":false,"resource":false}]}
{"at":"2026-08-18T10:01:00.000Z","id":"r2","title":"Decide","calendar":"Work","url":"https://cal/r2","allDay":false,"kind":"rsvp-due","start":"2026-08-18T12:00:00Z","end":"2026-08-18T13:00:00Z","minutesUntilStart":119,"reminderLateMinutes":0,"rsvp":"needsAction","location":null,"attendees":[{"email":"me@x.com","name":"Me","rsvp":"needsAction","organizer":false,"self":true,"resource":false},{"email":"her@x.com","name":"Her","rsvp":"accepted","organizer":true,"self":false,"resource":false}]}
