{"kind":"watch-armed","at":"2026-08-18T10:00:00.000Z","tracked":2,"windowTo":"2026-09-01T00:00:00.000Z","pollSeconds":0}
{"at":"2026-08-18T12:01:00.000Z","id":"r3","title":"Decide","calendar":"Work","url":"https://cal/r3","allDay":false,"kind":"rsvp-due","start":"2026-08-19T12:00:00Z","end":"2026-08-19T13:00:00Z","minutesUntilStart":1439,"reminderLateMinutes":0,"rsvp":"needsAction","location":null,"attendees":[{"email":"me@x.com","name":"Me","rsvp":"needsAction","organizer":false,"self":true,"resource":false},{"email":"her@x.com","name":"Her","rsvp":"accepted","organizer":true,"self":false,"resource":false}]}
